{"method": "spline", "geo": "spheroid", "deg": 2, "r": 0, "lev": 1, "h": 0.6283185307179588, "dof": 162, "e0": 0.01499774348309447, "e1": 0.17489585932265916, "t_setup": 0.041605234146118164, "t_surf": 0.234879732131958}
{"method": "spline", "geo": "spheroid", "deg": 2, "r": 0, "lev": 2, "h": 0.32636622180660874, "dof": 642, "e0": 0.0020933219194175534, "e1": 0.04594547315085265, "t_setup": 0.1416330337524414, "t_surf": 0.864983320236206}
{"method": "spline", "geo": "spheroid", "deg": 2, "r": 0, "lev": 3, "h": 0.16483370321401766, "dof": 2562, "e0": 0.0002691154589237167, "e1": 0.01164093076533519, "t_setup": 0.5468020439147949, "t_surf": 3.227297067642212}
{"method": "spline", "geo": "spheroid", "deg": 2, "r": 0, "lev": 4, "h": 0.08262746962887337, "dof": 10242, "e0": 3.391100958689074e-05, "e1": 0.0029215710998094623, "t_setup": 2.261690139770508, "t_surf": 12.433451175689697}
{"method": "spline", "geo": "spheroid", "deg": 4, "r": 0, "lev": 1, "h": 0.6283185307179588, "dof": 642, "e0": 0.00013484587670643846, "e1": 0.0026449761585890736, "t_setup": 0.04991292953491211, "t_surf": 0.232527494430542}
{"method": "spline", "geo": "spheroid", "deg": 4, "r": 0, "lev": 2, "h": 0.32636622180660874, "dof": 2562, "e0": 4.46076152920218e-06, "e1": 0.00016989555012340341, "t_setup": 0.1892411708831787, "t_surf": 0.888263463973999}
{"method": "spline", "geo": "spheroid", "deg": 4, "r": 0, "lev": 3, "h": 0.16483370321401766, "dof": 10242, "e0": 1.4161114251120402e-07, "e1": 1.0698596173935678e-05, "t_setup": 0.7493677139282227, "t_surf": 3.455495834350586}
{"method": "spline", "geo": "spheroid", "deg": 4, "r": 0, "lev": 4, "h": 0.08262746962887337, "dof": 40962, "e0": 4.447832666264738e-09, "e1": 6.703718031019447e-07, "t_setup": 3.14369535446167, "t_surf": 14.447107315063477}
{"method": "spline", "geo": "spheroid", "deg": 6, "r": 1, "lev": 1, "h": 0.6283185307179588, "dof": 806, "e0": 2.970104416649249e-06, "e1": 7.335227622510106e-05, "t_setup": 0.09102892875671387, "t_surf": 0.2496500015258789}
{"method": "spline", "geo": "spheroid", "deg": 6, "r": 1, "lev": 2, "h": 0.32636622180660874, "dof": 3206, "e0": 3.253034629093712e-08, "e1": 1.397969112064272e-06, "t_setup": 0.34926557540893555, "t_surf": 1.0427007675170898}
{"method": "spline", "geo": "spheroid", "deg": 6, "r": 1, "lev": 3, "h": 0.16483370321401766, "dof": 12806, "e0": 3.142050696657752e-10, "e1": 2.4901660082661212e-08, "t_setup": 1.4675638675689697, "t_surf": 5.515312194824219}
{"method": "fem", "geo": "spheroid", "deg": 1, "r": 0, "lev": 1, "h": 0.6283185307179588, "dof": 42, "e0": 0.31505720998809655, "e1": 1.3449036502062806, "t_setup": 0.003683805465698242, "t_surf": 0.05760049819946289}
{"method": "fem", "geo": "spheroid", "deg": 1, "r": 0, "lev": 2, "h": 0.32636622180660874, "dof": 162, "e0": 0.08832939888311299, "e1": 0.7193344616837193, "t_setup": 0.011731386184692383, "t_surf": 0.2111952304840088}
{"method": "fem", "geo": "spheroid", "deg": 1, "r": 0, "lev": 3, "h": 0.16483370321401766, "dof": 642, "e0": 0.022806514064676334, "e1": 0.36582448624058483, "t_setup": 0.04484295845031738, "t_surf": 0.8270230293273926}
{"method": "fem", "geo": "spheroid", "deg": 1, "r": 0, "lev": 4, "h": 0.08262746962887337, "dof": 2562, "e0": 0.005749819240753932, "e1": 0.18371746616272283, "t_setup": 0.19118690490722656, "t_surf": 3.281442880630493}
{"method": "fem", "geo": "spheroid", "deg": 1, "r": 0, "lev": 5, "h": 0.04134019969865603, "dof": 10242, "e0": 0.0014405635586635275, "e1": 0.09196269183489068, "t_setup": 0.7823247909545898, "t_surf": 12.864394426345825}
{"method": "fem", "geo": "spheroid", "deg": 2, "r": 0, "lev": 1, "h": 0.6283185307179588, "dof": 162, "e0": 0.016815353750770205, "e1": 0.22803956329313005, "t_setup": 0.0059814453125, "t_surf": 0.06149649620056152}
{"method": "fem", "geo": "spheroid", "deg": 2, "r": 0, "lev": 2, "h": 0.32636622180660874, "dof": 642, "e0": 0.0023688123885918125, "e1": 0.05854221745677813, "t_setup": 0.018673181533813477, "t_surf": 0.23870420455932617}
{"method": "fem", "geo": "spheroid", "deg": 2, "r": 0, "lev": 3, "h": 0.16483370321401766, "dof": 2562, "e0": 0.0003030715808215446, "e1": 0.014799723320595173, "t_setup": 0.08141398429870605, "t_surf": 1.0320672988891602}
{"method": "fem", "geo": "spheroid", "deg": 2, "r": 0, "lev": 4, "h": 0.08262746962887337, "dof": 10242, "e0": 3.811760870640522e-05, "e1": 0.003713575750493006, "t_setup": 0.2986116409301758, "t_surf": 3.6236417293548584}
{"method": "fem", "geo": "spheroid", "deg": 2, "r": 0, "lev": 5, "h": 0.04134019969865603, "dof": 40962, "e0": 4.7734971832632025e-06, "e1": 0.0009294806007362552, "t_setup": 1.1433367729187012, "t_surf": 15.10947847366333}
{"method": "fem", "geo": "spheroid", "deg": 3, "r": 0, "lev": 1, "h": 0.6283185307179588, "dof": 362, "e0": 0.004340094255202703, "e1": 0.06620498085276029, "t_setup": 0.0072324275970458984, "t_surf": 0.0653529167175293}
{"method": "fem", "geo": "spheroid", "deg": 3, "r": 0, "lev": 2, "h": 0.32636622180660874, "dof": 1442, "e0": 0.0002726544345165912, "e1": 0.00943891359317163, "t_setup": 0.02833867073059082, "t_surf": 0.2546579837799072}
{"method": "fem", "geo": "spheroid", "deg": 3, "r": 0, "lev": 3, "h": 0.16483370321401766, "dof": 5762, "e0": 1.687099078401878e-05, "e1": 0.0012151310026471082, "t_setup": 0.11409139633178711, "t_surf": 1.0292479991912842}
{"method": "fem", "geo": "spheroid", "deg": 3, "r": 0, "lev": 4, "h": 0.08262746962887337, "dof": 23042, "e0": 1.051183956458555e-06, "e1": 0.0001528069772625358, "t_setup": 0.44024133682250977, "t_surf": 4.355657339096069}
{"method": "spline", "geo": "dumbbell", "deg": 2, "r": 0, "lev": 1, "h": 0.6283185307179588, "dof": 162, "e0": 0.008757594326665282, "e1": 0.17489585932265916, "t_setup": 0.03754734992980957, "t_surf": 0.41081714630126953}
{"method": "spline", "geo": "dumbbell", "deg": 2, "r": 0, "lev": 2, "h": 0.32636622180660874, "dof": 642, "e0": 0.0013319886367334384, "e1": 0.045945473150852664, "t_setup": 0.14746522903442383, "t_surf": 1.6410560607910156}
{"method": "spline", "geo": "dumbbell", "deg": 2, "r": 0, "lev": 3, "h": 0.16483370321401766, "dof": 2562, "e0": 0.00017234120090058134, "e1": 0.011640930765335188, "t_setup": 0.5538902282714844, "t_surf": 6.238349199295044}
{"method": "spline", "geo": "dumbbell", "deg": 2, "r": 0, "lev": 4, "h": 0.08262746962887337, "dof": 10242, "e0": 2.174887531161129e-05, "e1": 0.0029215710998094597, "t_setup": 2.23618483543396, "t_surf": 24.17831254005432}
{"method": "spline", "geo": "dumbbell", "deg": 4, "r": 0, "lev": 1, "h": 0.6283185307179588, "dof": 642, "e0": 8.426500252386598e-05, "e1": 0.002644976158589067, "t_setup": 0.050032615661621094, "t_surf": 0.4093472957611084}
{"method": "spline", "geo": "dumbbell", "deg": 4, "r": 0, "lev": 2, "h": 0.32636622180660874, "dof": 2562, "e0": 2.7683845503498052e-06, "e1": 0.00016989555012341079, "t_setup": 0.19027090072631836, "t_surf": 1.5891368389129639}
{"method": "spline", "geo": "dumbbell", "deg": 4, "r": 0, "lev": 3, "h": 0.16483370321401766, "dof": 10242, "e0": 8.836697323467798e-08, "e1": 1.0698596173933329e-05, "t_setup": 0.7413785457611084, "t_surf": 6.3654091358184814}
{"method": "spline", "geo": "dumbbell", "deg": 4, "r": 0, "lev": 4, "h": 0.08262746962887337, "dof": 40962, "e0": 2.7803071931774803e-09, "e1": 6.703718031121722e-07, "t_setup": 3.1547653675079346, "t_surf": 25.583869695663452}
{"method": "spline", "geo": "dumbbell", "deg": 6, "r": 1, "lev": 1, "h": 0.6283185307179588, "dof": 806, "e0": 2.0787061797831067e-06, "e1": 7.335227622507071e-05, "t_setup": 0.09191155433654785, "t_surf": 0.4501833915710449}
{"method": "spline", "geo": "dumbbell", "deg": 6, "r": 1, "lev": 2, "h": 0.32636622180660874, "dof": 3206, "e0": 2.383079787241082e-08, "e1": 1.397969112116944e-06, "t_setup": 0.406923770904541, "t_surf": 1.736506700515747}
{"method": "spline", "geo": "dumbbell", "deg": 6, "r": 1, "lev": 3, "h": 0.16483370321401766, "dof": 12806, "e0": 2.2952384642341996e-10, "e1": 2.4901659668035742e-08, "t_setup": 1.4187617301940918, "t_surf": 8.43539023399353}
{"method": "fem", "geo": "dumbbell", "deg": 1, "r": 0, "lev": 1, "h": 0.6283185307179588, "dof": 42, "e0": 0.19077287643830299, "e1": 1.9635900574032388, "t_setup": 0.004323720932006836, "t_surf": 0.10399532318115234}
{"method": "fem", "geo": "dumbbell", "deg": 1, "r": 0, "lev": 2, "h": 0.32636622180660874, "dof": 162, "e0": 0.05803891590862034, "e1": 1.0955859558867465, "t_setup": 0.012507200241088867, "t_surf": 0.40718531608581543}
{"method": "fem", "geo": "dumbbell", "deg": 1, "r": 0, "lev": 3, "h": 0.16483370321401766, "dof": 642, "e0": 0.015592486607189013, "e1": 0.5648868388196027, "t_setup": 0.05003809928894043, "t_surf": 1.6442768573760986}
{"method": "fem", "geo": "dumbbell", "deg": 1, "r": 0, "lev": 4, "h": 0.08262746962887337, "dof": 2562, "e0": 0.003981607987828004, "e1": 0.2847808438399089, "t_setup": 0.188765287399292, "t_surf": 6.373241901397705}
{"method": "fem", "geo": "dumbbell", "deg": 1, "r": 0, "lev": 5, "h": 0.04134019969865603, "dof": 10242, "e0": 0.0010006921154703966, "e1": 0.14269424411227574, "t_setup": 0.7848317623138428, "t_surf": 25.373058319091797}
{"method": "fem", "geo": "dumbbell", "deg": 2, "r": 0, "lev": 1, "h": 0.6283185307179588, "dof": 162, "e0": 0.010884954401774932, "e1": 0.5036329040842699, "t_setup": 0.005916595458984375, "t_surf": 0.10455489158630371}
{"method": "fem", "geo": "dumbbell", "deg": 2, "r": 0, "lev": 2, "h": 0.32636622180660874, "dof": 642, "e0": 0.0023172709526482326, "e1": 0.14919638140962427, "t_setup": 0.020669937133789062, "t_surf": 0.4183690547943115}
{"method": "fem", "geo": "dumbbell", "deg": 2, "r": 0, "lev": 3, "h": 0.16483370321401766, "dof": 2562, "e0": 0.00024273170252164518, "e1": 0.03985616642459568, "t_setup": 0.08063054084777832, "t_surf": 1.7001276016235352}
{"method": "fem", "geo": "dumbbell", "deg": 2, "r": 0, "lev": 4, "h": 0.08262746962887337, "dof": 10242, "e0": 2.715829338007035e-05, "e1": 0.0101580742878296, "t_setup": 0.3055598735809326, "t_surf": 6.91423225402832}
{"method": "fem", "geo": "dumbbell", "deg": 2, "r": 0, "lev": 5, "h": 0.04134019969865603, "dof": 40962, "e0": 3.2579490650208156e-06, "e1": 0.002552700536726998, "t_setup": 1.2373254299163818, "t_surf": 27.70484495162964}
{"method": "fem", "geo": "dumbbell", "deg": 3, "r": 0, "lev": 1, "h": 0.6283185307179588, "dof": 362, "e0": 0.0074629242688602215, "e1": 0.18148266514858427, "t_setup": 0.008446455001831055, "t_surf": 0.11579489707946777}
{"method": "fem", "geo": "dumbbell", "deg": 3, "r": 0, "lev": 2, "h": 0.32636622180660874, "dof": 1442, "e0": 0.0006021882675084658, "e1": 0.03469488936974257, "t_setup": 0.031929731369018555, "t_surf": 0.45424795150756836}
{"method": "fem", "geo": "dumbbell", "deg": 3, "r": 0, "lev": 3, "h": 0.16483370321401766, "dof": 5762, "e0": 3.485527685715912e-05, "e1": 0.004972819523672384, "t_setup": 0.12349438667297363, "t_surf": 1.9649417400360107}
{"method": "fem", "geo": "dumbbell", "deg": 3, "r": 0, "lev": 4, "h": 0.08262746962887337, "dof": 23042, "e0": 2.144588772045247e-06, "e1": 0.0006417778592384716, "t_setup": 0.4674673080444336, "t_surf": 7.419037103652954}
